> git log --pretty=format:"%h - %an, %ar : %s" --graph
*   2affffe - telliott99, 2 hours ago : merge
|\  
| * 54544fb - telliott99, 2 hours ago : added z.txt to project - iss53
* | a997314 - telliott99, 2 hours ago : fixed the hotfix problem
|/  
* 4c3c707 - telliott99, 2 hours ago : changed x.txt
* 3e4bdef - telliott99, 2 hours ago : adding y.txt to project
* d7b695e - telliott99, 2 hours ago : initial project version

> git checkout 4c3c707
Note: checking out '4c3c707'.

You are in 'detached HEAD' state. You can look around, make experimental
changes and commit them, and you can discard any commits you make in this
state without impacting any branches by performing another checkout.

If you want to create a new branch to retain commits you create, you may
do so (now or later) by using -b with the checkout command again. Example:

  git checkout -b new_branch_name

HEAD is now at 4c3c707... changed x.txt
> git checkout -b new_branch
Switched to a new branch 'new_branch'

> touch d.txt
> git add d.txt
> git commit -m 'added d.txt'
[new_branch ab34769] added d.txt
 0 files changed
 create mode 100644 d.txt
> git checkout master
Switched to branch 'master'
> git log --pretty=format:"%h - %an, %ar : %s" --graph
*   2affffe - telliott99, 2 hours ago : merge
|\  
| * 54544fb - telliott99, 2 hours ago : added z.txt to project - iss53
* | a997314 - telliott99, 2 hours ago : fixed the hotfix problem
|/  
* 4c3c707 - telliott99, 3 hours ago : changed x.txt
* 3e4bdef - telliott99, 3 hours ago : adding y.txt to project
* d7b695e - telliott99, 3 hours ago : initial project version
> git checkout new_branch
Switched to branch 'new_branch'
> git checkout master
Switched to branch 'master'
> git merge new_branch

[1]+  Stopped                 git merge new_branch
> git merge new_branch -m 'new branch'
Merge made by the 'recursive' strategy.
 0 files changed
 create mode 100644 d.txt
> git checkout master
Already on 'master'
> git log --pretty=format:"%h - %an, %ar : %s" --graph
*   e09b21e - telliott99, 29 seconds ago : new branch
|\  
| * ab34769 - telliott99, 4 minutes ago : added d.txt
* |   2affffe - telliott99, 2 hours ago : merge
|\ \  
| * | 54544fb - telliott99, 2 hours ago : added z.txt to project - iss53
| |/  
* | a997314 - telliott99, 2 hours ago : fixed the hotfix problem
|/  
* 4c3c707 - telliott99, 3 hours ago : changed x.txt
* 3e4bdef - telliott99, 3 hours ago : adding y.txt to project
* d7b695e - telliott99, 3 hours ago : initial project version
> 


